hi this is test.
